// Jest Snapshot v1, https://goo.gl/fbAQLP

exports[`renders correctly 1`] = `
<styled.div>
  <styled.table>
    <styled.thead>
      <styled.tr>
        <styled.th>
          Item
        </styled.th>
        <styled.th>
          Qty
        </styled.th>
        <styled.th>
          Score
        </styled.th>
      </styled.tr>
    </styled.thead>
    <styled.tbody>
      <styled.tr
        key="A"
      >
        <styled.th>
          <ItemCard
            item={
              Object {
                "id": "1",
                "name": "A",
                "value": 50,
              }
            }
            size={0}
          />
        </styled.th>
        <styled.th>
          3
        </styled.th>
        <styled.th>
          200
        </styled.th>
      </styled.tr>
      <styled.tr
        key="B"
      >
        <styled.th>
          <ItemCard
            item={
              Object {
                "id": "2",
                "name": "B",
                "value": 30,
              }
            }
            size={0}
          />
        </styled.th>
        <styled.th>
          2
        </styled.th>
        <styled.th>
          90
        </styled.th>
      </styled.tr>
      <styled.tr
        key="C"
      >
        <styled.th>
          <ItemCard
            item={
              Object {
                "id": "3",
                "name": "C",
                "value": 20,
              }
            }
            size={0}
          />
        </styled.th>
        <styled.th>
          3
        </styled.th>
        <styled.th>
          60
        </styled.th>
      </styled.tr>
      <styled.tr
        key="D"
      >
        <styled.th>
          <ItemCard
            item={
              Object {
                "id": "4",
                "name": "D",
                "value": 15,
              }
            }
            size={0}
          />
        </styled.th>
        <styled.th>
          3
        </styled.th>
        <styled.th>
          45
        </styled.th>
      </styled.tr>
    </styled.tbody>
  </styled.table>
  <styled.div>
    Bonus 
    80
  </styled.div>
  <styled.div>
    <styled.div>
      <span>
        Total
      </span>
      <span>
        395
      </span>
    </styled.div>
    <styled.button>
      <strong>
        New game
      </strong>
    </styled.button>
  </styled.div>
</styled.div>
`;
